x1.mp3:
  MP3  Mode: 1 (Joint Stereo)  Bitrate: 128  Frequency: 44.1 Khz
  Time: 00:02 (2.98231 seconds)  Copyright: No  Padding: Yes
  Frames: 1217  Frame Length: 39  Audio Size: 47717 bytes
  Artist: Johan Vromans
  Album: MP3 Tools Project
  Track: [2] MP3 Info Subproject
  Year: 2003  Genre: Jazz  
